========== DIAGNOSTIC START ==========
[Step 1] Check Node.js + npx...
  node: FOUND
  node version: v24.15.0
  npx: FOUND
  npx version: 11.12.1
[Step 2] Check winget...
  winget: FOUND
  winget version: v1.29.280
[Step 3] Current PATH (truncated):
  C:\ProgramData\anaconda3\condabin;C:\Program Files (x86)\Common Files\MVS\Runtime\Win32_i86;C:\Program Files (x86)\Common Files\MVS\Runtime\Win64_x64;C:\windows\system32;C:\windows;C:\windows\System32\Wbem;C:\windows\System32\WindowsPowerShell\v1.0;C:\windows\System32\OpenSSH;C:\Users\Administrator\AppData\Local\Microsoft\WindowsApps;C:\WINDOWS;C:\WINDOWS\system32;C:\WINDOWS\System32\Wbem;C:\WINDOWS\System32\WindowsPowerShell\v1.0;C:\WINDOWS\System32\OpenSSH;C:\Program Files\dotnet\;C:\Program Files\NVIDIA Corporation\NVIDIA App\NvDLISR;C:\Program Files (x86)\NVIDIA Corporation\PhysX\Common;C:\Program Files (x86)\Windows Kits\10\Windows Performance Toolkit\;C:\Program Files (x86)\Windows Kits\8.1\Windows Performance Toolkit\;D:\MSC.Software\Adams\2018\bin;C:\Program Files\Git\cmd;C:\Program Files\nodejs\;C:\ProgramData\anaconda3;C:\ProgramData\anaconda3\Scripts;C:\ProgramData\anaconda3\Library\bin;C:\Users\Administrator\.local\bin;C:\Users\Administrator\AppData\Local\Microsoft\WindowsApps;C:\Users\Administrator\.dotnet\tools;C:\Users\Administrator\AppData\Local\GitHubDesktop\bin;C:\Users\Administrator\AppData\Roaming\npm;C:\Users\Administrator\.lmstudio\bin;C:\Users\Administrator\.dotnet\tools;C:\Program Files\LenovoLegionToolkit\
[Step 4] Registry PATH scan...
  System PATH: 
  System PATH: C:\Program Files (x86)\Common Files\MVS\Runtime\Win32_i86;C:\Program Files (x86)\Common Files\MVS\Runtime\Win64_x64;C:\windows\system32;C:\windows;C:\windows\System32\Wbem;C:\windows\System32\WindowsPowerShell\v1.0;C:\windows\System32\OpenSSH;C:\Users\Administrator\AppData\Local\Microsoft\WindowsApps;C:\WINDOWS;C:\WINDOWS\system32;C:\WINDOWS\System32\Wbem;C:\WINDOWS\System32\WindowsPowerShell\v1.0;C:\WINDOWS\System32\OpenSSH;C:\Program Files\dotnet\;C:\Program Files\NVIDIA Corporation\NVIDIA App\NvDLISR;C:\Program Files (x86)\NVIDIA Corporation\PhysX\Common;C:\Program Files (x86)\Windows Kits\10\Windows Performance Toolkit\;C:\Program Files (x86)\Windows Kits\8.1\Windows Performance Toolkit\;D:\MSC.Software\Adams\2018\bin;C:\Program Files\Git\cmd;C:\Program Files\nodejs\;C:\ProgramData\anaconda3;C:\ProgramData\anaconda3\Scripts;C:\ProgramData\anaconda3\Library\bin
  User PATH: C:\Users\Administrator\.local\bin;C:\Users\Administrator\AppData\Local\Microsoft\WindowsApps;C:\Users\Administrator\.dotnet\tools;C:\Users\Administrator\AppData\Local\GitHubDesktop\bin;C:\Users\Administrator\AppData\Roaming\npm;C:\Users\Administrator\.lmstudio\bin;%USERPROFILE%\.dotnet\tools;C:\Program Files\LenovoLegionToolkit\
[Step 5] Common Node.js directories:
  EXISTS: "C:\Program Files\nodejs"\node.exe
  missing: "C:\Program Files (x86)\nodejs"
  missing: "C:\Users\Administrator\AppData\Local\fnm"
  missing: "C:\Users\Administrator\.fnm"
  missing: "C:\Users\Administrator\AppData\Roaming\npm"
[Step 6] npx http-server test...
  Running: npx --yes http-server --help...
usage: http-server [path] [options]

options:
  -p --port    Port to use. If 0, look for open port. [8080]
  -a           Address to use [0.0.0.0]
  -d           Show directory listings [true]
  -i           Display autoIndex [true]
  -g --gzip    Serve gzip files when possible [false]
  -b --brotli  Serve brotli files when possible [false]
               If both brotli and gzip are enabled, brotli takes precedence
  -e --ext     Default file extension if none supplied [none]
  -s --silent  Suppress log messages from output
  --cors[=headers]   Enable CORS via the "Access-Control-Allow-Origin" header
                     Optionally provide CORS headers list separated by commas
  -o [path]    Open browser window after starting the server.
               Optionally provide a URL path to open the browser window to.
  -c           Cache time (max-age) in seconds [3600], e.g. -c10 for 10 seconds.
               To disable caching, use -c-1.
  -t           Connections timeout in seconds [120], e.g. -t60 for 1 minute.
               To disable timeout, use -t0
  -U --utc     Use UTC time format in log messages.
  --log-ip     Enable logging of the client's IP address

  -P --proxy       Fallback proxy if the request cannot be resolved. e.g.: http://someurl.com
  --proxy-options  Pass options to proxy using nested dotted objects. e.g.: --proxy-options.secure false

  --username   Username for basic authentication [none]
               Can also be specified with the env variable NODE_HTTP_SERVER_USERNAME
  --password   Password for basic authentication [none]
               Can also be specified with the env variable NODE_HTTP_SERVER_PASSWORD

  -S --tls --ssl   Enable secure request serving with TLS/SSL (HTTPS)
  -C --cert    Path to TLS cert file (default: cert.pem)
  -K --key     Path to TLS key file (default: key.pem)

  -r --robots        Respond to /robots.txt [User-agent: *\nDisallow: /]
  --no-dotfiles      Do not show dotfiles
  --mimetypes        Path to a .types file for custom mimetype definition
  -h --help          Print this list and exit.
  -v --version       Print the version and exit.
  npx exit code: !errorlevel!
